// Jest Snapshot v1, https://goo.gl/fbAQLP

exports[`MainPage component should match the snapshot 1`] = `
<div
  className="main-container "
>
  <div
    className="container "
  >
    <img
      className=""
      src="test-file-stub"
    />
    <div
      className="lang-container "
    >
      <button
        className="lang-button "
        onClick={[Function]}
      >
        кыргызский
      </button>
      <button
        className="lang-button "
        onClick={[Function]}
      >
        русский
      </button>
      <button
        className="lang-button "
        onClick={[Function]}
      >
        англиский
      </button>
    </div>
  </div>
  <div
    className=""
  >
    <div
      className=""
    >
      <div
        className="video-wrapper"
      >
        <video
          autoPlay={true}
          className="video"
          loop={true}
          muted={true}
          playsInline={true}
          src="test-file-stub"
        />
      </div>
    </div>
    <div
      className=""
      style={
        {
          "pointerEvents": "none",
          "zIndex": 10,
        }
      }
    >
      <div
        className=""
        style={
          {
            "pointerEvents": "all",
          }
        }
      >
        <div
          className=""
        >
          <div
            className="content "
            style={
              {
                "gap": "20px",
              }
            }
          >
            <img
              className=""
              src="test-file-stub"
            />
            <div
              className=""
            >
              <h1
                className=""
                lineHeight="100%"
              >
                heroTitle
              </h1>
            </div>
          </div>
          <div
            className="content "
          >
            <p
              className=""
            >
              heroSubtitle1
            </p>
            <p
              className=""
            >
              heroSubtitle2
            </p>
          </div>
          <div
            className=""
          >
            <a
              href="/webApp"
            >
              <button
                className=""
              >
                <img
                  bg="black"
                  className=""
                  src="test-file-stub"
                />
                <div
                  className=""
                  gridAutoFlow="column"
                >
                  <p
                    className=""
                  >
                    Go to the
                  </p>
                  <p
                    className=""
                  >
                    Web App
                  </p>
                </div>
              </button>
            </a>
            <button
              className=""
            >
              <img
                className=""
                src="test-file-stub"
              />
              <div
                className=""
                gridAutoFlow="column"
              >
                <p
                  className=""
                >
                  Get it on
                </p>
                <p
                  className=""
                >
                  Google Play
                </p>
              </div>
            </button>
            <button
              className=""
            >
              <img
                className=""
                src="test-file-stub"
              />
              <div
                className=""
              >
                <p
                  className=""
                >
                  Download on the
                </p>
                <p
                  className=""
                >
                  App Sotre
                </p>
              </div>
            </button>
          </div>
        </div>
      </div>
    </div>
  </div>
  <div
    className=""
  >
    <div
      className=""
    >
      <div
        className=""
      >
        <div
          className=""
        >
          <div
            className=""
          >
            <p
              className=""
            >
              featuresExploreTitle
            </p>
            <p
              className=""
            >
              featuresExploreText
            </p>
          </div>
          <div
            className=""
          >
            <p
              className=""
            >
              featuresMarkTitle
            </p>
            <p
              className=""
            >
              featuresMarkText
            </p>
          </div>
          <div
            className=""
          >
            <p
              className=""
            >
              featuresEarnTitle
            </p>
            <p
              className=""
            >
              featuresEarnText
            </p>
          </div>
        </div>
        <div
          className=""
        >
          <img
            className=""
            src="test-file-stub"
          />
        </div>
      </div>
    </div>
  </div>
  <div
    className=""
  >
    <div
      className=""
    >
      <img
        className=""
        src="test-file-stub"
      />
      <div
        className=""
      >
        <p
          className=""
        >
          cardsPlayTitle
        </p>
        <p
          className=""
          style={
            {
              "lineHeight": "1.1",
            }
          }
        >
          cardsPlayText
        </p>
      </div>
    </div>
    <div
      className=""
    >
      <div
        className=""
      >
        <p
          className=""
        >
          cardsRedeemTitle
        </p>
        <p
          className=""
          style={
            {
              "lineHeight": "1.1",
            }
          }
        >
          cardsRedeemText
        </p>
      </div>
      <div
        className=""
      >
        <img
          className=""
          src="test-file-stub"
        />
      </div>
    </div>
    <div
      className=""
    >
      <img
        className=""
        src="test-file-stub"
      />
      <div
        className=""
      >
        <p
          className=""
        >
          cardsEverywhereTitle
        </p>
        <p
          className=""
          style={
            {
              "lineHeight": "1.1",
            }
          }
        >
          cardsEverywhereText
        </p>
      </div>
    </div>
    <div
      className=""
    >
      <div
        className=""
      >
        <img
          className=""
          src="test-file-stub"
        />
      </div>
      <div
        className=""
      >
        <p
          className=""
        >
          cardsLookTitle
        </p>
        <p
          className=""
          style={
            {
              "lineHeight": "1.1",
            }
          }
        >
          cardsLookText
        </p>
      </div>
    </div>
    <div
      className=""
    >
      <div
        className=""
      >
        <img
          className=""
          src="test-file-stub"
        />
      </div>
      <div
        className=""
      >
        <p
          className=""
        >
          cardsMarkTitle
        </p>
        <p
          className=""
          style={
            {
              "lineHeight": "1.1",
            }
          }
        >
          cardsMarkText
        </p>
      </div>
    </div>
    <div
      className=""
    >
      <div
        className=""
        style={
          {
            "textAlign": "center",
          }
        }
      >
        <p
          className=""
        >
          cardsStudyTitle
        </p>
        <p
          className=""
        >
          cardsStudyText
        </p>
      </div>
    </div>
  </div>
  <div
    className=""
  >
    <div
      className=""
    >
      <div
        className=""
      >
        <div
          className=""
        >
          <div
            className=""
          >
            <img
              className=""
              src="test-file-stub"
            />
            <p
              className=""
            >
              Finik
            </p>
          </div>
          <p
            className=""
          >
            footerDescriptionLine1
             
            footerDescriptionLine2
          </p>
          <p
            className=""
          >
            footerCopyright
          </p>
          <p
            className=""
          >
            footerLicense
          </p>
        </div>
        <div
          className=""
        >
          <div
            className=""
          >
            <p
              className=""
            >
              footerProductsTitle
            </p>
            <p
              className=""
            >
              footerProductsWallet
            </p>
            <p
              className=""
            >
              footerProductsTerminals
            </p>
            <p
              className=""
            >
              footerProductsAcquiring
            </p>
          </div>
          <div
            className=""
          >
            <p
              className=""
            >
              footerAboutTitle
            </p>
            <p
              className=""
            >
              footerAboutCompany
            </p>
            <p
              className=""
            >
              footerAboutDocuments
            </p>
          </div>
        </div>
        <div
          className=""
        >
          <img
            className=""
            src="test-file-stub"
          />
          <img
            className=""
            src="test-file-stub"
          />
          <img
            className=""
            src="test-file-stub"
          />
          <img
            className=""
            src="test-file-stub"
          />
          <img
            className=""
            src="test-file-stub"
          />
          <img
            className=""
            src="test-file-stub"
          />
        </div>
      </div>
    </div>
  </div>
</div>
`;
