// Jest Snapshot v1, https://goo.gl/fbAQLP

exports[`MainPage component should match the snapshot 1`] = `
<div
  className="main-container "
>
  <div
    className=""
  >
    <img
      className=""
      src="test-file-stub"
    />
  </div>
  <div
    className=""
  >
    <div
      className="video-wrapper"
    >
      <video
        autoPlay={true}
        className="video"
        loop={true}
        muted={true}
        playsInline={true}
        src="test-file-stub"
      />
    </div>
  </div>
  <div
    className=""
  >
    <div
      className="content "
    >
      <img
        className=""
        src="test-file-stub"
      />
      <div
        className=""
      >
        <h1
          className=""
          lineHeight="100%"
        >
          Карта
        </h1>
      </div>
    </div>
    <div
      className="content "
    >
      <p
        className=""
      >
        Карта терминалов от Finik, исследуйте,
      </p>
      <p
        className=""
      >
        отмечайте и зарабатывайте баллы
      </p>
    </div>
    <div
      className=""
    >
      <button
        className=""
      >
        <img
          bg="black"
          className=""
          src="test-file-stub"
        />
        <div
          className=""
          gridAutoFlow="column"
        >
          <p
            className=""
          >
            Go to the
          </p>
          <p
            className=""
          >
            Web App
          </p>
        </div>
      </button>
      <button
        className=""
      >
        <img
          className=""
          src="test-file-stub"
        />
        <div
          className=""
          gridAutoFlow="column"
        >
          <p
            className=""
          >
            Get it on
          </p>
          <p
            className=""
          >
            Google Play
          </p>
        </div>
      </button>
      <button
        className=""
      >
        <img
          className=""
          src="test-file-stub"
        />
        <div
          className=""
        >
          <p
            className=""
          >
            Download on the
          </p>
          <p
            className=""
          >
            App Sotre
          </p>
        </div>
      </button>
    </div>
  </div>
  <div
    className=""
  >
    <div
      className=""
    >
      <div
        className=""
      >
        <p
          className=""
        >
          Исследуйте
        </p>
        <p
          className=""
        >
          Карта терминалов от Finik, исследуйте, отмечайте и зарабатывайте баллы
        </p>
      </div>
      <div
        className=""
      >
        <p
          className=""
        >
          Отмечайте
        </p>
        <p
          className=""
        >
          Карта терминалов от Finik, исследуйте, отмечайте и зарабатывайте баллы
        </p>
      </div>
      <div
        className=""
      >
        <p
          className=""
        >
          Зарабатывай  баллы
        </p>
        <p
          className=""
        >
          Карта терминалов от Finik, исследуйте, отмечайте и зарабатывайте баллы
        </p>
      </div>
    </div>
    <div
      className=""
    >
      <img
        className=""
        src="test-file-stub"
      />
    </div>
  </div>
  <div
    className=""
  >
    <div
      className=""
    >
      <img
        className=""
        src="test-file-stub"
      />
      <div
        className=""
      >
        <p
          className=""
        >
          Играй.
        </p>
        <p
          className=""
        >
          Увлекательная игра
        </p>
      </div>
    </div>
    <div
      className=""
    >
      <div
        className=""
      >
        <p
          className=""
        >
          Обменивай.
        </p>
        <p
          className=""
        >
          Получай подарки
        </p>
      </div>
      <img
        className=""
        src="test-file-stub"
      />
    </div>
    <div
      className=""
    >
      <img
        className=""
        src="test-file-stub"
      />
      <div
        className=""
      >
        <p
          className=""
        >
          Везде.
        </p>
        <p
          className=""
        >
          На всех платформах
        </p>
      </div>
    </div>
    <div
      className=""
    >
      <img
        className=""
        src="test-file-stub"
      />
      <div
        className=""
      >
        <p
          className=""
        >
          Оглянись.
        </p>
        <p
          className=""
        >
          Терминалы везде
        </p>
      </div>
    </div>
    <div
      className=""
    >
      <img
        className=""
        src="test-file-stub"
      />
      <div
        className=""
      >
        <p
          className=""
        >
          Отмечай.
        </p>
        <p
          className=""
        >
          Мы поставим терминал
        </p>
      </div>
    </div>
    <div
      className=""
    >
      <img
        className=""
        src="test-file-stub"
      />
      <img
        className=""
        src="test-file-stub"
      />
      <img
        className=""
        src="test-file-stub"
      />
      <div
        className=""
      >
        <p
          className=""
        >
          Изучай.
        </p>
        <p
          className=""
        >
          Уникальная карта
        </p>
      </div>
    </div>
  </div>
  <div
    className=""
  >
    <div
      className=""
    >
      <div
        className=""
      >
        <img
          className=""
          src="test-file-stub"
        />
        <p
          className=""
        >
          Finik
        </p>
      </div>
      <p
        className=""
      >
        Удобное и надежное отечественное
      </p>
      <p
        className=""
      >
        приложение для оплаты в Кыргызстане
      </p>
      <p
        className=""
      >
        ©2022 Averspay
      </p>
      <p
        className=""
      >
        Лицензия НБКР № 3006010615, № 2006010615 от 06.02.2015
      </p>
      <div
        className=""
      >
        <div
          className=""
        >
          <p
            className=""
          >
            Продукты
          </p>
          <p
            className=""
          >
            Кошелек
          </p>
          <p
            className=""
          >
            Терминалы
          </p>
          <p
            className=""
          >
            Эквайринг
          </p>
        </div>
        <div
          className=""
        >
          <p
            className=""
          >
            О нас
          </p>
          <p
            className=""
          >
            Компания
          </p>
          <p
            className=""
          >
            Документы
          </p>
        </div>
      </div>
    </div>
    <div
      className=""
    >
      <img
        className=""
        src="test-file-stub"
      />
      <img
        className=""
        src="test-file-stub"
      />
      <img
        className=""
        src="test-file-stub"
      />
      <img
        className=""
        src="test-file-stub"
      />
      <img
        className=""
        src="test-file-stub"
      />
      <img
        className=""
        src="test-file-stub"
      />
    </div>
  </div>
</div>
`;
